// Jest Snapshot v1, https://goo.gl/fbAQLP

exports[`Login Screen (Negative Testing) renders correctly 1`] = `
<RCTSafeAreaView
  emulateUnlessSupported={true}
  style={
    Object {
      "alignItems": "center",
      "backgroundColor": "#F4F4F4",
      "justifyContent": "center",
    }
  }
>
  <View
    style={
      Object {
        "marginTop": "10%",
      }
    }
  >
    <Text
      style={
        Object {
          "fontFamily": "Assistant-Bold",
          "fontSize": 20,
        }
      }
    >
      התחברות
    </Text>
  </View>
  <View
    style={
      Object {
        "marginTop": "6%",
        "width": "80%",
      }
    }
  >
    <View
      style={
        Object {
          "alignSelf": "center",
          "marginBottom": 15,
          "width": "80%",
        }
      }
    >
      <Text
        style={
          Object {
            "alignSelf": "flex-start",
            "fontFamily": "Assistant-Bold",
            "fontSize": 17,
            "marginBottom": 5,
          }
        }
      >
        כתובת אימייל
      </Text>
      <TextInput
        allowFontScaling={true}
        autoComplete="email"
        keyboardType="email-address"
        label="כתובת אימייל"
        onChangeText={[Function]}
        rejectResponderTermination={true}
        style={
          Object {
            "backgroundColor": "white",
            "borderRadius": 10,
            "paddingHorizontal": 10,
            "paddingVertical": 15,
            "textAlign": "right",
          }
        }
        underlineColorAndroid="transparent"
        value=""
      />
    </View>
    <View
      style={
        Object {
          "alignSelf": "center",
          "marginBottom": 15,
          "width": "80%",
        }
      }
    >
      <Text
        style={
          Object {
            "alignSelf": "flex-start",
            "fontFamily": "Assistant-Bold",
            "fontSize": 17,
            "marginBottom": 5,
          }
        }
      >
        סיסמה
      </Text>
      <TextInput
        allowFontScaling={true}
        label="סיסמה"
        onChangeText={[Function]}
        rejectResponderTermination={true}
        secureTextEntry={true}
        style={
          Object {
            "backgroundColor": "white",
            "borderRadius": 10,
            "paddingHorizontal": 10,
            "paddingVertical": 15,
            "textAlign": "right",
          }
        }
        underlineColorAndroid="transparent"
        value=""
      />
    </View>
  </View>
  <View
    accessible={true}
    focusable={true}
    onClick={[Function]}
    onResponderGrant={[Function]}
    onResponderMove={[Function]}
    onResponderRelease={[Function]}
    onResponderTerminate={[Function]}
    onResponderTerminationRequest={[Function]}
    onStartShouldSetResponder={[Function]}
    style={
      Object {
        "alignItems": "flex-end",
        "backgroundColor": "#FFCB39",
        "borderRadius": 50,
        "flexDirection": "row",
        "marginVertical": "5%",
        "opacity": 1,
        "paddingHorizontal": 20,
        "paddingVertical": 10,
      }
    }
  >
    <Text
      style={
        Object {
          "fontFamily": "Assistant-Bold",
          "fontSize": 18,
          "marginRight": 10,
        }
      }
    >
      המשך
    </Text>
    <Text />
  </View>
</RCTSafeAreaView>
`;
