// Jest Snapshot v1, https://goo.gl/fbAQLP

exports[`renders correctly 1`] = `
<RCTSafeAreaView
  emulateUnlessSupported={true}
  style={
    Object {
      "alignItems": "center",
      "backgroundColor": undefined,
      "flex": 1,
    }
  }
>
  <View
    style={
      Object {
        "borderLeftColor": "transparent",
        "borderLeftWidth": 750,
        "borderRightColor": "transparent",
        "borderRightWidth": 750,
        "borderTopColor": "#FFCB39",
        "borderTopWidth": 667,
        "height": 0,
        "position": "absolute",
        "top": 0,
        "width": 0,
      }
    }
  />
  <View
    style={
      Object {
        "alignItems": "center",
        "flexDirection": "row",
        "justifyContent": "space-between",
        "paddingHorizontal": "4%",
        "width": "100%",
        "zIndex": 1,
      }
    }
  >
    <View
      accessible={true}
      focusable={true}
      onClick={[Function]}
      onResponderGrant={[Function]}
      onResponderMove={[Function]}
      onResponderRelease={[Function]}
      onResponderTerminate={[Function]}
      onResponderTerminationRequest={[Function]}
      onStartShouldSetResponder={[Function]}
      style={
        Object {
          "opacity": 1,
        }
      }
    >
      <Text />
    </View>
    <Image
      source={1}
      style={
        Object {
          "resizeMode": "contain",
          "width": 150,
        }
      }
    />
  </View>
  <View
    style={
      Object {
        "marginTop": "15%",
      }
    }
  >
    <Text
      style={
        Object {
          "fontFamily": "Assistant-Bold",
          "fontSize": 20,
        }
      }
    >
      דווחו על מטרד בדרך
    </Text>
    <View
      style={
        Object {
          "alignSelf": "center",
          "marginVertical": 10,
        }
      }
    >
      <Text />
      <Text />
    </View>
  </View>
  <View
    style={
      Object {
        "alignItems": "center",
        "bottom": 0,
        "justifyContent": "center",
        "left": 0,
        "position": "absolute",
        "right": 0,
        "top": 0,
      }
    }
  >
    <View
      accessible={true}
      focusable={true}
      onClick={[Function]}
      onResponderGrant={[Function]}
      onResponderMove={[Function]}
      onResponderRelease={[Function]}
      onResponderTerminate={[Function]}
      onResponderTerminationRequest={[Function]}
      onStartShouldSetResponder={[Function]}
      style={
        Object {
          "opacity": 1,
        }
      }
    >
      <Image
        source={1}
        style={
          Object {
            "alignSelf": "center",
            "height": 230,
            "resizeMode": "contain",
            "width": 230,
          }
        }
      />
    </View>
  </View>
</RCTSafeAreaView>
`;
